&'ï¿½A%ï¿½Speed      : 40MHz[0mets Jun  8 2016 00:22:57

rst:0x1 (POWERON_RESET),boot:0x17 (SPI_FAST_FLASH_BOOT)
configsip: 0, SPIWP:0xee
clk_drv:0x00,q_drv:0x00,d_drv:0x00,cs0_drv:0x00,hd_drv:0x00,wp_drv:0x00
mode:DIO, clock div:2
load:0x3fff0030,len:7176
load:0x40078000,len:15564
ho 0 tail 12 room 4
load:0x40080400,len:4
load:0x40080404,len:3904
entry 0x40080640
[0;32mI (30) boot: ESP-IDF v5.3.1 2nd stage bootloader[0m
[0;32mI (30) boot: compile time Apr 10 2025 12:42:35[0m
[0;32mI (30) boot: Multicore bootloader[0m
[0;32mI (34) boot: chip revision: v1.0[0m
[0;32mI (38) boot.esp32: SPI Speed      : 40MHz[0m
[0;32mI (43) boot.esp32: SPI Mode       : DIO[0m
[0;32mI (47) boot.esp32: SPI Flash Size : 2MB[0m
[0;32mI (52) boot: Enabling RNG early entropy source...[0m
[0;32mI (57) boot: Partition Table:[0m
[0;32mI (61) boot: ## Label            Usage          Type ST Offset   Length[0m
[0;32mI (68) boot:  0 nvs              WiFi data        01 02 00009000 00006000[0m
[0;32mI (76) boot:  1 phy_init         RF data          01 01 0000f000 00001000[0m
[0;32mI (83) boot:  2 factory          factory app      00 00 00010000 00100000[0m
[0;32mI (91) boot: End of partition table[0m
[0;32mI (95) esp_image: segment 0: paddr=00010020 vaddr=3f400020 size=0bc2ch ( 48172) map[0m
[0;32mI (120) esp_image: segment 1: paddr=0001bc54 vaddr=3ffb0000 size=02478h (  9336) load[0m
[0;32mI (123) esp_image: segment 2: paddr=0001e0d4 vaddr=40080000 size=01f44h (  8004) load[0m
[0;32mI (129) esp_image: segment 3: paddr=00020020 vaddr=400d0020 size=19724h (104228) map[0m
[0;32mI (170) esp_image: segment 4: paddr=0003974c vaddr=40081f44 size=0c4ach ( 50348) load[0m
[0;32mI (197) boot: Loaded app from partition at offset 0x10000[0m
[0;32mI (197) boot: Disabling RNG early entropy source...[0m
[0;32mI (209) cpu_start: Multicore app[0m
[0;32mI (217) cpu_start: Pro cpu start user code[0m
[0;32mI (217) cpu_start: cpu freq: 160000000 Hz[0m
[0;32mI (217) app_init: Application information:[0m
[0;32mI (220) app_init: Project name:     SPE-LAN8651[0m
[0;32mI (225) app_init: App version:      1[0m
[0;32mI (230) app_init: Compile time:     Apr 10 2025 12:42:10[0m
[0;32mI (236) app_init: ELF file SHA256:  8665559d1...[0m
[0;32mI (241) app_init: ESP-IDF:          v5.3.1[0m
[0;32mI (246) efuse_init: Min chip rev:     v0.0[0m
[0;32mI (251) efuse_init: Max chip rev:     v3.99 [0m
[0;32mI (256) efuse_init: Chip rev:         v1.0[0m
[0;32mI (261) heap_init: Initializing. RAM available for dynamic allocation:[0m
[0;32mI (268) heap_init: At 3FFAE6E0 len 00001920 (6 KiB): DRAM[0m
[0;32mI (274) heap_init: At 3FFB4098 len 0002BF68 (175 KiB): DRAM[0m
[0;32mI (280) heap_init: At 3FFE0440 len 00003AE0 (14 KiB): D/IRAM[0m
[0;32mI (286) heap_init: At 3FFE4350 len 0001BCB0 (111 KiB): D/IRAM[0m
[0;32mI (293) heap_init: At 4008E3F0 len 00011C10 (71 KiB): IRAM[0m
[0;32mI (300) spi_flash: detected chip: generic[0m
[0;32mI (303) spi_flash: flash io: dio[0m
[0;33mW (307) spi_flash: Detected size(4096k) larger than the size in the binary image header(2048k). Using the size in the binary image header.[0m
[0;32mI (321) main_task: Started on CPU0[0m
[0;32mI (331) main_task: Calling app_main()[0m
[0;32mI (331) MAIN: Initializing SPI...[0m
[0;32mI (331) SPI: SPI initialized successfully[0m
IRQ_PIN level: 0
[0;32mI (1331) gpio: GPIO[4]| InputEn: 0| OutputEn: 1| OpenDrain: 0| Pullup: 0| Pulldown: 0| Intr:0 [0m
IRQ_PIN level: 1
IRQ_PIN level: 1
IRQ_PIN level: 0
Try restart
IRQ_N asserted, reset completed.
[0;32mI (1531) MAIN: Initializing TC6...[0m
[0;32mI (1531) TC6: TC6 initialized successfully![0m
TC6_WriteRegister: Writing to register: Address=0x00000003, Value=0x00000001, Secure=false
[0;32mI (1541) TC6_MAIN: TC6_CB_OnNeedService called[0m
TC6_WriteRegister: Writing to register: Address=0x00000003, Value=0x00000001, Secure=true
[0;32mI (1551) TC6_MAIN: TC6_CB_OnNeedService called[0m
[0;32mI (1561) TC6_MAIN: TC6_CB_OnNeedService called[0m
[0;32mI (1561) TC6_MAIN: TC6_CB_OnNeedService called[0m
[0;32mI (1571) TC6: SPI Transaction: Instance 0, Length 12[0m
[0;32mI (1571) TC6: TX data (first 16 bytes):[0m
20 00 03 00 00 00 00 01 
00 00 00 00 
[0;32mI (1581) TC6: RX data (first 16 bytes):[0m
00 00 00 00 20 00 03 00 
00 00 00 01 
[0;32mI (1591) TC6_MAIN: TC6_CB_OnNeedService called[0m
[0;32mI (11591) TC6: SPI Transaction: Instance 0, Length 16[0m
[0;32mI (11591) TC6: TX data (first 16 bytes):[0m
20 00 03 00 00 00 00 01 
FF FF FF FE 00 00 00 00 

[0;32mI (11591) TC6: RX data (first 16 bytes):[0m
00 00 00 00 20 00 03 00 
00 00 00 01 00 00 00 00 

[0;32mI (11601) TC6_MAIN: TC6_CB_OnNeedService called[0m
[0;32mI (21601) TC6: SPI Transaction: Instance 0, Length 12[0m
[0;32mI (21601) TC6: TX data (first 16 bytes):[0m
00 00 01 00 00 00 00 00 
00 00 00 00 
[0;32mI (21601) TC6: RX data (first 16 bytes):[0m
00 00 00 00 00 00 01 00 
00 07 C1 B4 
[0;32mI (21611) TC6_MAIN: TC6_CB_OnNeedService called[0m
[0;32mI (31611) TC6: SPI Transaction: Instance 0, Length 12[0m
[0;32mI (31611) TC6: TX data (first 16 bytes):[0m
0A 00 94 00 00 00 00 00 
00 00 00 00 
[0;32mI (31611) TC6: RX data (first 16 bytes):[0m
00 00 00 00 0A 00 94 00 
00 08 65 12 
[0;32mI (31621) TC6_MAIN: TC6_CB_OnNeedService called[0m
[0;32mI (41621) TC6_MAIN: TC6_CB_OnNeedService called[0m
[0;32mI (41621) TC6_MAIN: TC6_CB_OnNeedService called[0m
[0;32mI (41621) TC6_MAIN: TC6_CB_OnNeedService called[0m
[0;32mI (41621) TC6_MAIN: TC6_CB_OnNeedService called[0m
[0;32mI (41621) TC6: SPI Transaction: Instance 0, Length 12[0m
[0;32mI (41631) TC6: TX data (first 16 bytes):[0m
20 00 04 01 00 00 00 26 
00 00 00 00 
[0;32mI (41641) TC6: RX data (first 16 bytes):[0m
00 00 00 00 20 00 04 01 
00 00 00 26 
[0;32mI (41651) TC6_MAIN: TC6_CB_OnNeedService called[0m
[0;32mI (51651) TC6: SPI Transaction: Instance 0, Length 16[0m
[0;32mI (51651) TC6: TX data (first 16 bytes):[0m
21 00 00 01 00 00 00 00 
FF FF FF FF 00 00 00 00 

[0;32mI (51651) TC6: RX data (first 16 bytes):[0m
00 00 00 00 21 00 00 01 
00 00 00 00 FF FF FF FF 

[0;32mI (51661) TC6_MAIN: TC6_CB_OnNeedService called[0m
[0;32mI (61661) TC6_MAIN: TC6_CB_OnNeedService called[0m
[0;32mI (61661) TC6: SPI Transaction: Instance 0, Length 16[0m
[0;32mI (61661) TC6: TX data (first 16 bytes):[0m
24 00 91 00 00 00 96 60 
FF FF 69 9F 00 00 00 00 

[0;32mI (61661) TC6: RX data (first 16 bytes):[0m
00 00 00 00 24 00 91 00 
00 00 96 60 FF FF 69 9F 

[0;32mI (61671) TC6_MAIN: TC6_CB_OnNeedService called[0m
[0;32mI (71681) TC6_MAIN: TC6_CB_OnNeedService called[0m
[0;32mI (71681) TC6: SPI Transaction: Instance 0, Length 16[0m
[0;32mI (71681) TC6: TX data (first 16 bytes):[0m
24 00 81 01 00 00 00 80 
FF FF FF 7F 00 00 00 00 

[0;32mI (71681) TC6: RX data (first 16 bytes):[0m
00 00 00 00 24 00 81 01 
00 00 00 80 FF FF FF 7F 

[0;32mI (71691) TC6_MAIN: TC6_CB_OnNeedService called[0m
[0;32mI (81701) TC6_MAIN: TC6_CB_OnNeedService called[0m
[0;32mI (81701) TC6: SPI Transaction: Instance 0, Length 16[0m
[0;32mI (81701) TC6: TX data (first 16 bytes):[0m
21 00 77 01 00 00 00 28 
FF FF FF D7 00 00 00 00 

[0;32mI (81701) TC6: RX data (first 16 bytes):[0m
00 00 00 00 21 00 77 01 
00 00 00 28 FF FF FF D7 

[0;32mI (81711) TC6_MAIN: TC6_CB_OnNeedService called[0m
[0;32mI (91721) TC6_MAIN: TC6_CB_OnNeedService called[0m
[0;32mI (91721) TC6: SPI Transaction: Instance 0, Length 16[0m
[0;32mI (91721) TC6: TX data (first 16 bytes):[0m
24 00 43 00 00 00 00 FF 
FF FF FF 00 00 00 00 00 

[0;32mI (91721) TC6: RX data (first 16 bytes):[0m
00 00 00 00 24 00 43 00 
00 00 00 FF FF FF FF 00 

[0;32mI (91731) TC6_MAIN: TC6_CB_OnNeedService called[0m
[0;32mI (101741) TC6_MAIN: TC6_CB_OnNeedService called[0m
[0;32mI (101741) TC6: SPI Transaction: Instance 0, Length 16[0m
[0;32mI (101741) TC6: TX data (first 16 bytes):[0m
24 00 44 01 00 00 FF FF 
FF FF 00 00 00 00 00 00 

[0;32mI (101741) TC6: RX data (first 16 bytes):[0m
00 00 00 00 24 00 44 01 
00 00 FF FF FF FF 00 00 

[0;32mI (101751) TC6_MAIN: TC6_CB_OnNeedService called[0m
[0;32mI (111761) TC6_MAIN: TC6_CB_OnNeedService called[0m
[0;32mI (111761) TC6: SPI Transaction: Instance 0, Length 16[0m
[0;32mI (111761) TC6: TX data (first 16 bytes):[0m
24 00 45 00 00 00 00 00 
FF FF FF FF 00 00 00 00 

[0;32mI (111761) TC6: RX data (first 16 bytes):[0m
00 00 00 00 24 00 45 00 
00 00 00 00 FF FF FF FF 

[0;32mI (111771) TC6_MAIN: TC6_CB_OnNeedService called[0m
[0;32mI (121781) TC6_MAIN: TC6_CB_OnNeedService called[0m
[0;32mI (121781) TC6: SPI Transaction: Instance 0, Length 16[0m
[0;32mI (121781) TC6: TX data (first 16 bytes):[0m
24 00 53 01 00 00 00 FF 
FF FF FF 00 00 00 00 00 

[0;32mI (121781) TC6: RX data (first 16 bytes):[0m
00 00 00 00 24 00 53 01 
00 00 00 FF FF FF FF 00 

[0;32mI (121791) TC6_MAIN: TC6_CB_OnNeedService called[0m
[0;32mI (131801) TC6_MAIN: TC6_CB_OnNeedService called[0m
[0;32mI (131801) TC6: SPI Transaction: Instance 0, Length 16[0m
[0;32mI (131801) TC6: TX data (first 16 bytes):[0m
24 00 54 00 00 00 FF FF 
FF FF 00 00 00 00 00 00 

[0;32mI (131801) TC6: RX data (first 16 bytes):[0m
00 00 00 00 24 00 54 00 
00 00 FF FF FF FF 00 00 

[0;32mI (131811) TC6_MAIN: TC6_CB_OnNeedService called[0m
[0;32mI (141821) TC6_MAIN: TC6_CB_OnNeedService called[0m
[0;32mI (141821) TC6: SPI Transaction: Instance 0, Length 16[0m
[0;32mI (141821) TC6: TX data (first 16 bytes):[0m
24 00 55 01 00 00 00 00 
FF FF FF FF 00 00 00 00 

[0;32mI (141821) TC6: RX data (first 16 bytes):[0m
00 00 00 00 24 00 55 01 
00 00 00 00 FF FF FF FF 

[0;32mI (141831) TC6_MAIN: TC6_CB_OnNeedService called[0m
[0;32mI (151841) TC6_MAIN: TC6_CB_OnNeedService called[0m
[0;32mI (151841) TC6: SPI Transaction: Instance 0, Length 16[0m
[0;32mI (151841) TC6: TX data (first 16 bytes):[0m
24 00 40 00 00 00 00 02 
FF FF FF FD 00 00 00 00 

[0;32mI (151841) TC6: RX data (first 16 bytes):[0m
00 00 00 00 24 00 40 00 
00 00 00 02 FF FF FF FD 

[0;32mI (151851) TC6_MAIN: TC6_CB_OnNeedService called[0m
[0;32mI (161861) TC6_MAIN: TC6_CB_OnNeedService called[0m
[0;32mI (161861) TC6: SPI Transaction: Instance 0, Length 16[0m
[0;32mI (161861) TC6: TX data (first 16 bytes):[0m
24 00 50 01 00 00 00 02 
FF FF FF FD 00 00 00 00 

[0;32mI (161861) TC6: RX data (first 16 bytes):[0m
00 00 00 00 24 00 50 01 
00 00 00 02 FF FF FF FD 

[0;32mI (161871) TC6_MAIN: TC6_CB_OnNeedService called[0m
[0;32mI (171881) TC6_MAIN: TC6_CB_OnNeedService called[0m
[0;32mI (171881) TC6: SPI Transaction: Instance 0, Length 16[0m
[0;32mI (171881) TC6: TX data (first 16 bytes):[0m
24 00 E9 00 00 00 9E 50 
FF FF 61 AF 00 00 00 00 

[0;32mI (171881) TC6: RX data (first 16 bytes):[0m
00 00 00 00 24 00 E9 00 
00 00 9E 50 FF FF 61 AF 

[0;32mI (171891) TC6_MAIN: TC6_CB_OnNeedService called[0m
[0;32mI (181901) TC6_MAIN: TC6_CB_OnNeedService called[0m
[0;32mI (181901) TC6: SPI Transaction: Instance 0, Length 16[0m
[0;32mI (181901) TC6: TX data (first 16 bytes):[0m
24 00 F5 01 00 00 1C F8 
FF FF E3 07 00 00 00 00 

[0;32mI (181901) TC6: RX data (first 16 bytes):[0m
00 00 00 00 24 00 F5 01 
00 00 1C F8 FF FF E3 07 

[0;32mI (181911) TC6_MAIN: TC6_CB_OnNeedService called[0m
[0;32mI (191921) TC6_MAIN: TC6_CB_OnNeedService called[0m
[0;32mI (191921) TC6: SPI Transaction: Instance 0, Length 16[0m
[0;32mI (191921) TC6: TX data (first 16 bytes):[0m
24 00 F4 00 00 00 C0 20 
FF FF 3F DF 00 00 00 00 

[0;32mI (191921) TC6: RX data (first 16 bytes):[0m
00 00 00 00 24 00 F4 00 
00 00 C0 20 FF FF 3F DF 

[0;32mI (191931) TC6_MAIN: TC6_CB_OnNeedService called[0m
[0;32mI (201941) TC6_MAIN: TC6_CB_OnNeedService called[0m
[0;32mI (201941) TC6: SPI Transaction: Instance 0, Length 16[0m
[0;32mI (201941) TC6: TX data (first 16 bytes):[0m
24 00 F8 00 00 00 9B 00 
FF FF 64 FF 00 00 00 00 

[0;32mI (201941) TC6: RX data (first 16 bytes):[0m
00 00 00 00 24 00 F8 00 
00 00 9B 00 FF FF 64 FF 

[0;32mI (201951) TC6_MAIN: TC6_CB_OnNeedService called[0m
[0;32mI (211961) TC6_MAIN: TC6_CB_OnNeedService called[0m
[0;32mI (211961) TC6: SPI Transaction: Instance 0, Length 16[0m
[0;32mI (211961) TC6: TX data (first 16 bytes):[0m
24 00 F9 01 00 00 4E 53 
FF FF B1 AC 00 00 00 00 

[0;32mI (211961) TC6: RX data (first 16 bytes):[0m
00 00 00 00 24 00 F9 01 
00 00 4E 53 FF FF B1 AC 

[0;32mI (211971) TC6_MAIN: TC6_CB_OnNeedService called[0m
[0;32mI (221981) TC6_MAIN: TC6_CB_OnNeedService called[0m
[0;32mI (221981) TC6: SPI Transaction: Instance 0, Length 16[0m
[0;32mI (221981) TC6: TX data (first 16 bytes):[0m
24 00 B0 00 00 00 01 03 
FF FF FE FC 00 00 00 00 

[0;32mI (221981) TC6: RX data (first 16 bytes):[0m
00 00 00 00 24 00 B0 00 
00 00 01 03 FF FF FE FC 

[0;32mI (221991) TC6_MAIN: TC6_CB_OnNeedService called[0m
[0;32mI (232001) TC6_MAIN: TC6_CB_OnNeedService called[0m
[0;32mI (232001) TC6: SPI Transaction: Instance 0, Length 16[0m
[0;32mI (232001) TC6: TX data (first 16 bytes):[0m
24 00 B1 01 00 00 09 10 
FF FF F6 EF 00 00 00 00 

[0;32mI (232001) TC6: RX data (first 16 bytes):[0m
00 00 00 00 24 00 B1 01 
00 00 09 10 FF FF F6 EF 

[0;32mI (232011) TC6_MAIN: TC6_CB_OnNeedService called[0m
[0;32mI (242021) TC6_MAIN: TC6_CB_OnNeedService called[0m
[0;32mI (242021) TC6: SPI Transaction: Instance 0, Length 16[0m
[0;32mI (242021) TC6: TX data (first 16 bytes):[0m
24 00 B2 01 00 00 1D 26 
FF FF E2 D9 00 00 00 00 

[0;32mI (242021) TC6: RX data (first 16 bytes):[0m
00 00 00 00 24 00 B2 01 
00 00 1D 26 FF FF E2 D9 

[0;32mI (242031) TC6_MAIN: TC6_CB_OnNeedService called[0m
[0;32mI (252041) TC6_MAIN: TC6_CB_OnNeedService called[0m
[0;32mI (252041) TC6: SPI Transaction: Instance 0, Length 16[0m
[0;32mI (252041) TC6: TX data (first 16 bytes):[0m
24 00 B3 00 00 00 00 2A 
FF FF FF D5 00 00 00 00 

[0;32mI (252041) TC6: RX data (first 16 bytes):[0m
00 00 00 00 24 00 B3 00 
00 00 00 2A FF FF FF D5 

[0;32mI (252051) TC6_MAIN: TC6_CB_OnNeedService called[0m
[0;32mI (262061) TC6_MAIN: TC6_CB_OnNeedService called[0m
[0;32mI (262061) TC6: SPI Transaction: Instance 0, Length 16[0m
[0;32mI (262061) TC6: TX data (first 16 bytes):[0m
24 00 B4 01 00 00 01 03 
FF FF FE FC 00 00 00 00 

[0;32mI (262061) TC6: RX data (first 16 bytes):[0m
00 00 00 00 24 00 B4 01 
00 00 01 03 FF FF FE FC 

[0;32mI (262071) TC6_MAIN: TC6_CB_OnNeedService called[0m
[0;32mI (272081) TC6_MAIN: TC6_CB_OnNeedService called[0m
[0;32mI (272081) TC6: SPI Transaction: Instance 0, Length 16[0m
[0;32mI (272081) TC6: TX data (first 16 bytes):[0m
24 00 B5 00 00 00 07 0D 
FF FF F8 F2 00 00 00 00 

[0;32mI (272081) TC6: RX data (first 16 bytes):[0m
00 00 00 00 24 00 B5 00 
00 00 07 0D FF FF F8 F2 

[0;32mI (272091) TC6_MAIN: TC6_CB_OnNeedService called[0m
[0;32mI (282101) TC6_MAIN: TC6_CB_OnNeedService called[0m
[0;32mI (282101) TC6: SPI Transaction: Instance 0, Length 16[0m
[0;32mI (282101) TC6: TX data (first 16 bytes):[0m
24 00 B6 00 00 00 17 20 
FF FF E8 DF 00 00 00 00 

[0;32mI (282101) TC6: RX data (first 16 bytes):[0m
00 00 00 00 24 00 B6 00 
00 00 17 20 FF FF E8 DF 

[0;32mI (282111) TC6_MAIN: TC6_CB_OnNeedService called[0m
[0;32mI (292121) TC6_MAIN: TC6_CB_OnNeedService called[0m
[0;32mI (292121) TC6: SPI Transaction: Instance 0, Length 16[0m
[0;32mI (292121) TC6: TX data (first 16 bytes):[0m
24 00 B7 01 00 00 00 27 
FF FF FF D8 00 00 00 00 

[0;32mI (292121) TC6: RX data (first 16 bytes):[0m
00 00 00 00 24 00 B7 01 
00 00 00 27 FF FF FF D8 

[0;32mI (292131) TC6_MAIN: TC6_CB_OnNeedService called[0m
[0;32mI (302141) TC6_MAIN: TC6_CB_OnNeedService called[0m
[0;32mI (302141) TC6: SPI Transaction: Instance 0, Length 16[0m
[0;32mI (302141) TC6: TX data (first 16 bytes):[0m
24 00 B8 01 00 00 05 09 
FF FF FA F6 00 00 00 00 

[0;32mI (302141) TC6: RX data (first 16 bytes):[0m
00 00 00 00 24 00 B8 01 
00 00 05 09 FF FF FA F6 

[0;32mI (302151) TC6_MAIN: TC6_CB_OnNeedService called[0m
ets Jun  8 2016 00:22:57

rst:0x1 (POWERON_RESET),boot:0x17 (SPI_FAST_FLASH_BOOT)
configsip: 0, SPIWP:0xee
clk_drv:0x00,q_drv:0x00,d_drv:0x00,cs0_drv:0x00,hd_drv:0x00,wp_drv:0x00
mode:DIO, clock div:2
load:0x3fff0030,len:7176
load:0x40078000,len:15564
ho 0 tail 12 room 4
load:0x40080400,len:4
load:0x40080404,len:3904
entry 0x40080640
[0;32mI (30) boot: ESP-IDF v5.3.1 2nd stage bootloader[0m
[0;32mI (30) boot: compile time Apr 10 2025 12:42:35[0m
[0;32mI (30) boot: Multicore bootloader[0m
[0;32mI (34) boot: chip revision: v1.0[0m
[0;32mI (38) boot.esp32: SPI Speed      : 40MHz[0m
[0;32mI (43) boot.esp32: SPI Mode       : DIO[0m
[0;32mI (47) boot.esp32: SPI Flash Size : 2MB[0m
[0;32mI (52) boot: Enabling RNG early entropy source...[0m
[0;32mI (57) boot: Partition Table:[0m
[0;32mI (61) boot: ## Label            Usage          Type ST Offset   Length[0m
[0;32mI (68) boot:  0 nvs              WiFi data        01 02 00009000 00006000[0m
[0;32mI (76) boot:  1 phy_init         RF data          01 01 0000f000 00001000[0m
[0;32mI (83) boot:  2 factory          factory app      00 00 00010000 00100000[0m
[0;32mI (91) boot: End of partition table[0m
[0;32mI (95) esp_image: segment 0: paddr=00010020 vaddr=3f400020 size=0bc2ch ( 48172) map[0m
[0;32mI (120) esp_image: segment 1: paddr=0001bc54 vaddr=3ffb0000 size=02478h (  9336) load[0m
[0;32mI (123) esp_image: segment 2: paddr=0001e0d4 vaddr=40080000 size=01f44h (  8004) load[0m
[0;32mI (129) esp_image: segment 3: paddr=00020020 vaddr=400d0020 size=19724h (104228) map[0m
[0;32mI (170) esp_image: segment 4: paddr=0003974c vaddr=40081f44 size=0c4ach ( 50348) load[0m
[0;32mI (197) boot: Loaded app from partition at offset 0x10000[0m
[0;32mI (197) boot: Disabling RNG early entropy source...[0m
[0;32mI (209) cpu_start: Multicore app[0m
[0;32mI (217) cpu_start: Pro cpu start user code[0m
[0;32mI (217) cpu_start: cpu freq: 160000000 Hz[0m
[0;32mI (217) app_init: Application information:[0m
[0;32mI (220) app_init: Project name:     SPE-LAN8651[0m
[0;32mI (225) app_init: App version:      1[0m
[0;32mI (230) app_init: Compile time:     Apr 10 2025 12:42:10[0m
[0;32mI (236) app_init: ELF file SHA256:  8665559d1...[0m
[0;32mI (241) app_init: ESP-IDF:          v5.3.1[0m
[0;32mI (246) efuse_init: Min chip rev:     v0.0[0m
[0;32mI (251) efuse_init: Max chip rev:     v3.99 [0m
[0;32mI (256) efuse_init: Chip rev:         v1.0[0m
[0;32mI (261) heap_init: Initializing. RAM available for dynamic allocation:[0m
[0;32mI (268) heap_init: At 3FFAE6E0 len 00001920 (6 KiB): DRAM[0m
[0;32mI (274) heap_init: At 3FFB4098 len 0002BF68 (175 KiB): DRAM[0m
[0;32mI (280) heap_init: At 3FFE0440 len 00003AE0 (14 KiB): D/IRAM[0m
[0;32mI (286) heap_init: At 3FFE4350 len 0001BCB0 (111 KiB): D/IRAM[0m
[0;32mI (293) heap_init: At 4008E3F0 len 00011C10 (71 KiB): IRAM[0m
[0;32mI (300) spi_flash: detected chip: generic[0m
[0;32mI (303) spi_flash: flash io: dio[0m
[0;33mW (307) spi_flash: Detected size(4096k) larger than the size in the binary image header(2048k). Using the size in the binary image header.[0m
[0;32mI (321) main_task: Started on CPU0[0m
[0;32mI (331) main_task: Calling app_main()[0m
[0;32mI (331) MAIN: Initializing SPI...[0m
[0;32mI (331) SPI: SPI initialized successfully[0m
IRQ_PIN level: 0
[0;32mI (1331) gpio: GPIO[4]| InputEn: 0| OutputEn: 1| OpenDrain: 0| Pullup: 0| Pulldown: 0| Intr:0 [0m
IRQ_PIN level: 1
IRQ_PIN level: 1
IRQ_PIN level: 0
Try restart
IRQ_N asserted, reset completed.
[0;32mI (1531) MAIN: Initializing TC6...[0m
[0;32mI (1531) TC6: TC6 initialized successfully![0m
TC6_WriteRegister: Writing to register: Address=0x00000003, Value=0x00000001, Secure=false
[0;32mI (1541) TC6_MAIN: TC6_CB_OnNeedService called[0m
TC6_WriteRegister: Writing to register: Address=0x00000003, Value=0x00000001, Secure=true
[0;32mI (1551) TC6_MAIN: TC6_CB_OnNeedService called[0m
[0;32mI (1561) TC6_MAIN: TC6_CB_OnNeedService called[0m
[0;32mI (1561) TC6_MAIN: TC6_CB_OnNeedService called[0m
[0;32mI (1571) TC6: SPI Transaction: Instance 0, Length 12[0m
[0;32mI (1571) TC6: TX data (first 16 bytes):[0m
20 00 03 00 00 00 00 01 
00 00 00 00 
[0;32mI (1581) TC6: RX data (first 16 bytes):[0m
00 00 00 00 20 00 03 00 
00 00 00 01 
[0;32mI (1591) TC6_MAIN: TC6_CB_OnNeedService called[0m
[0;32mI (11591) TC6: SPI Transaction: Instance 0, Length 16[0m
[0;32mI (11591) TC6: TX data (first 16 bytes):[0m
20 00 03 00 00 00 00 01 
FF FF FF FE 00 00 00 00 

[0;32mI (11591) TC6: RX data (first 16 bytes):[0m
00 00 00 00 20 00 03 00 
00 00 00 01 00 00 00 00 

[0;32mI (11601) TC6_MAIN: TC6_CB_OnNeedService called[0m
[0;32mI (21601) TC6: SPI Transaction: Instance 0, Length 12[0m
[0;32mI (21601) TC6: TX data (first 16 bytes):[0m
00 00 01 00 00 00 00 00 
00 00 00 00 
[0;32mI (21601) TC6: RX data (first 16 bytes):[0m
00 00 00 00 00 00 01 00 
00 07 C1 B4 
[0;32mI (21611) TC6_MAIN: TC6_CB_OnNeedService called[0m
[0;32mI (31611) TC6: SPI Transaction: Instance 0, Length 12[0m
[0;32mI (31611) TC6: TX data (first 16 bytes):[0m
0A 00 94 00 00 00 00 00 
00 00 00 00 
[0;32mI (31611) TC6: RX data (first 16 bytes):[0m
00 00 00 00 0A 00 94 00 
00 08 65 12 
[0;32mI (31621) TC6_MAIN: TC6_CB_OnNeedService called[0m
[0;32mI (41621) TC6_MAIN: TC6_CB_OnNeedService called[0m
[0;32mI (41621) TC6_MAIN: TC6_CB_OnNeedService called[0m
[0;32mI (41621) TC6_MAIN: TC6_CB_OnNeedService called[0m
[0;32mI (41621) TC6_MAIN: TC6_CB_OnNeedService called[0m
[0;32mI (41621) TC6: SPI Transaction: Instance 0, Length 12[0m
[0;32mI (41631) TC6: TX data (first 16 bytes):[0m
20 00 04 01 00 00 00 26 
00 00 00 00 
[0;32mI (41641) TC6: RX data (first 16 bytes):[0m
00 00 00 00 20 00 04 01 
00 00 00 26 
[0;32mI (41651) TC6_MAIN: TC6_CB_OnNeedService called[0m
[0;32mI (51651) TC6: SPI Transaction: Instance 0, Length 16[0m
[0;32mI (51651) TC6: TX data (first 16 bytes):[0m
21 00 00 01 00 00 00 00 
FF FF FF FF 00 00 00 00 

[0;32mI (51651) TC6: RX data (first 16 bytes):[0m
00 00 00 00 21 00 00 01 
00 00 00 00 FF FF FF FF 

[0;32mI (51661) TC6_MAIN: TC6_CB_OnNeedService called[0m
[0;32mI (61661) TC6_MAIN: TC6_CB_OnNeedService called[0m
[0;32mI (61661) TC6: SPI Transaction: Instance 0, Length 16[0m
[0;32mI (61661) TC6: TX data (first 16 bytes):[0m
24 00 91 00 00 00 96 60 
FF FF 69 9F 00 00 00 00 

[0;32mI (61661) TC6: RX data (first 16 bytes):[0m
00 00 00 00 24 00 91 00 
00 00 96 60 FF FF 69 9F 

[0;32mI (61671) TC6_MAIN: TC6_CB_OnNeedService called[0m
[0;32mI (71681) TC6_MAIN: TC6_CB_OnNeedService called[0m
[0;32mI (71681) TC6: SPI Transaction: Instance 0, Length 16[0m
[0;32mI (71681) TC6: TX data (first 16 bytes):[0m
24 00 81 01 00 00 00 80 
FF FF FF 7F 00 00 00 00 

[0;32mI (71681) TC6: RX data (first 16 bytes):[0m
00 00 00 00 24 00 81 01 
00 00 00 80 FF FF FF 7F 

[0;32mI (71691) TC6_MAIN: TC6_CB_OnNeedService called[0m
[0;32mI (81701) TC6_MAIN: TC6_CB_OnNeedService called[0m
[0;32mI (81701) TC6: SPI Transaction: Instance 0, Length 16[0m
[0;32mI (81701) TC6: TX data (first 16 bytes):[0m
21 00 77 01 00 00 00 28 
FF FF FF D7 00 00 00 00 

[0;32mI (81701) TC6: RX data (first 16 bytes):[0m
00 00 00 00 21 00 77 01 
00 00 00 28 FF FF FF D7 

[0;32mI (81711) TC6_MAIN: TC6_CB_OnNeedService called[0m
[0;32mI (91721) TC6_MAIN: TC6_CB_OnNeedService called[0m
[0;32mI (91721) TC6: SPI Transaction: Instance 0, Length 16[0m
[0;32mI (91721) TC6: TX data (first 16 bytes):[0m
24 00 43 00 00 00 00 FF 
FF FF FF 00 00 00 00 00 

[0;32mI (91721) TC6: RX data (first 16 bytes):[0m
00 00 00 00 24 00 43 00 
00 00 00 FF FF FF FF 00 

[0;32mI (91731) TC6_MAIN: TC6_CB_OnNeedService called[0m
[0;32mI (101741) TC6_MAIN: TC6_CB_OnNeedService called[0m
[0;32mI (101741) TC6: SPI Transaction: Instance 0, Length 16[0m
[0;32mI (101741) TC6: TX data (first 16 bytes):[0m
24 00 44 01 00 00 FF FF 
FF FF 00 00 00 00 00 00 

[0;32mI (101741) TC6: RX data (first 16 bytes):[0m
00 00 00 00 24 00 44 01 
00 00 FF FF FF FF 00 00 

[0;32mI (101751) TC6_MAIN: TC6_CB_OnNeedService called[0m
[0;32mI (111761) TC6_MAIN: TC6_CB_OnNeedService called[0m
[0;32mI (111761) TC6: SPI Transaction: Instance 0, Length 16[0m
[0;32mI (111761) TC6: TX data (first 16 bytes):[0m
24 00 45 00 00 00 00 00 
FF FF FF FF 00 00 00 00 

[0;32mI (111761) TC6: RX data (first 16 bytes):[0m
00 00 00 00 24 00 45 00 
00 00 00 00 FF FF FF FF 

[0;32mI (111771) TC6_MAIN: TC6_CB_OnNeedService called[0m
[0;32mI (121781) TC6_MAIN: TC6_CB_OnNeedService called[0m
[0;32mI (121781) TC6: SPI Transaction: Instance 0, Length 16[0m
[0;32mI (121781) TC6: TX data (first 16 bytes):[0m
24 00 53 01 00 00 00 FF 
FF FF FF 00 00 00 00 00 

[0;32mI (121781) TC6: RX data (first 16 bytes):[0m
00 00 00 00 24 00 53 01 
00 00 00 FF FF FF FF 00 

[0;32mI (121791) TC6_MAIN: TC6_CB_OnNeedService called[0m
[0;32mI (131801) TC6_MAIN: TC6_CB_OnNeedService called[0m
[0;32mI (131801) TC6: SPI Transaction: Instance 0, Length 16[0m
[0;32mI (131801) TC6: TX data (first 16 bytes):[0m
24 00 54 00 00 00 FF FF 
FF FF 00 00 00 00 00 00 

[0;32mI (131801) TC6: RX data (first 16 bytes):[0m
00 00 00 00 24 00 54 00 
00 00 FF FF FF FF 00 00 

[0;32mI (131811) TC6_MAIN: TC6_CB_OnNeedService called[0m
[0;32mI (141821) TC6_MAIN: TC6_CB_OnNeedService called[0m
[0;32mI (141821) TC6: SPI Transaction: Instance 0, Length 16[0m
[0;32mI (141821) TC6: TX data (first 16 bytes):[0m
24 00 55 01 00 00 00 00 
FF FF FF FF 00 00 00 00 

[0;32mI (141821) TC6: RX data (first 16 bytes):[0m
00 00 00 00 24 00 55 01 
00 00 00 00 FF FF FF FF 

[0;32mI (141831) TC6_MAIN: TC6_CB_OnNeedService called[0m
[0;32mI (151841) TC6_MAIN: TC6_CB_OnNeedService called[0m
[0;32mI (151841) TC6: SPI Transaction: Instance 0, Length 16[0m
[0;32mI (151841) TC6: TX data (first 16 bytes):[0m
24 00 40 00 00 00 00 02 
FF FF FF FD 00 00 00 00 

[0;32mI (151841) TC6: RX data (first 16 bytes):[0m
00 00 00 00 24 00 40 00 
00 00 00 02 FF FF FF FD 

[0;32mI (151851) TC6_MAIN: TC6_CB_OnNeedService called[0m
[0;32mI (161861) TC6_MAIN: TC6_CB_OnNeedService called[0m
[0;32mI (161861) TC6: SPI Transaction: Instance 0, Length 16[0m
[0;32mI (161861) TC6: TX data (first 16 bytes):[0m
24 00 50 01 00 00 00 02 
FF FF FF FD 00 00 00 00 

[0;32mI (161861) TC6: RX data (first 16 bytes):[0m
00 00 00 00 24 00 50 01 
00 00 00 02 FF FF FF FD 

[0;32mI (161871) TC6_MAIN: TC6_CB_OnNeedService called[0m
[0;32mI (171881) TC6_MAIN: TC6_CB_OnNeedService called[0m
[0;32mI (171881) TC6: SPI Transaction: Instance 0, Length 16[0m
[0;32mI (171881) TC6: TX data (first 16 bytes):[0m
24 00 E9 00 00 00 9E 50 
FF FF 61 AF 00 00 00 00 

[0;32mI (171881) TC6: RX data (first 16 bytes):[0m
00 00 00 00 24 00 E9 00 
00 00 9E 50 FF FF 61 AF 

[0;32mI (171891) TC6_MAIN: TC6_CB_OnNeedService called[0m
[0;32mI (181901) TC6_MAIN: TC6_CB_OnNeedService called[0m
[0;32mI (181901) TC6: SPI Transaction: Instance 0, Length 16[0m
[0;32mI (181901) TC6: TX data (first 16 bytes):[0m
24 00 F5 01 00 00 1C F8 
FF FF E3 07 00 00 00 00 

[0;32mI (181901) TC6: RX data (first 16 bytes):[0m
00 00 00 00 24 00 F5 01 
00 00 1C F8 FF FF E3 07 

[0;32mI (181911) TC6_MAIN: TC6_CB_OnNeedService called[0m
[0;32mI (191921) TC6_MAIN: TC6_CB_OnNeedService called[0m
[0;32mI (191921) TC6: SPI Transaction: Instance 0, Length 16[0m
[0;32mI (191921) TC6: TX data (first 16 bytes):[0m
24 00 F4 00 00 00 C0 20 
FF FF 3F DF 00 00 00 00 

[0;32mI (191921) TC6: RX data (first 16 bytes):[0m
00 00 00 00 24 00 F4 00 
00 00 C0 20 FF FF 3F DF 

[0;32mI (191931) TC6_MAIN: TC6_CB_OnNeedService called[0m
[0;32mI (201941) TC6_MAIN: TC6_CB_OnNeedService called[0m
[0;32mI (201941) TC6: SPI Transaction: Instance 0, Length 16[0m
[0;32mI (201941) TC6: TX data (first 16 bytes):[0m
24 00 F8 00 00 00 9B 00 
FF FF 64 FF 00 00 00 00 

[0;32mI (201941) TC6: RX data (first 16 bytes):[0m
00 00 00 00 24 00 F8 00 
00 00 9B 00 FF FF 64 FF 

[0;32mI (201951) TC6_MAIN: TC6_CB_OnNeedService called[0m
[0;32mI (211961) TC6_MAIN: TC6_CB_OnNeedService called[0m
[0;32mI (211961) TC6: SPI Transaction: Instance 0, Length 16[0m
[0;32mI (211961) TC6: TX data (first 16 bytes):[0m
24 00 F9 01 00 00 4E 53 
FF FF B1 AC 00 00 00 00 

[0;32mI (211961) TC6: RX data (first 16 bytes):[0m
00 00 00 00 24 00 F9 01 
00 00 4E 53 FF FF B1 AC 

[0;32mI (211971) TC6_MAIN: TC6_CB_OnNeedService called[0m
[0;32mI (221981) TC6_MAIN: TC6_CB_OnNeedService called[0m
[0;32mI (221981) TC6: SPI Transaction: Instance 0, Length 16[0m
[0;32mI (221981) TC6: TX data (first 16 bytes):[0m
24 00 B0 00 00 00 01 03 
FF FF FE FC 00 00 00 00 

[0;32mI (221981) TC6: RX data (first 16 bytes):[0m
00 00 00 00 24 00 B0 00 
00 00 01 03 FF FF FE FC 

[0;32mI (221991) TC6_MAIN: TC6_CB_OnNeedService called[0m
[0;32mI (232001) TC6_MAIN: TC6_CB_OnNeedService called[0m
[0;32mI (232001) TC6: SPI Transaction: Instance 0, Length 16[0m
[0;32mI (232001) TC6: TX data (first 16 bytes):[0m
24 00 B1 01 00 00 09 10 
FF FF F6 EF 00 00 00 00 

[0;32mI (232001) TC6: RX data (first 16 bytes):[0m
00 00 00 00 24 00 B1 01 
00 00 09 10 FF FF F6 EF 

[0;32mI (232011) TC6_MAIN: TC6_CB_OnNeedService called[0m
[0;32mI (242021) TC6_MAIN: TC6_CB_OnNeedService called[0m
[0;32mI (242021) TC6: SPI Transaction: Instance 0, Length 16[0m
[0;32mI (242021) TC6: TX data (first 16 bytes):[0m
24 00 B2 01 00 00 1D 26 
FF FF E2 D9 00 00 00 00 

[0;32mI (242021) TC6: RX data (first 16 bytes):[0m
00 00 00 00 24 00 B2 01 
00 00 1D 26 FF FF E2 D9 

[0;32mI (242031) TC6_MAIN: TC6_CB_OnNeedService called[0m
[0;32mI (252041) TC6_MAIN: TC6_CB_OnNeedService called[0m
[0;32mI (252041) TC6: SPI Transaction: Instance 0, Length 16[0m
[0;32mI (252041) TC6: TX data (first 16 bytes):[0m
24 00 B3 00 00 00 00 2A 
FF FF FF D5 00 00 00 00 

[0;32mI (252041) TC6: RX data (first 16 bytes):[0m
00 00 00 00 24 00 B3 00 
00 00 00 2A FF FF FF D5 

[0;32mI (252051) TC6_MAIN: TC6_CB_OnNeedService called[0m
[0;32mI (262061) TC6_MAIN: TC6_CB_OnNeedService called[0m
[0;32mI (262061) TC6: SPI Transaction: Instance 0, Length 16[0m
[0;32mI (262061) TC6: TX data (first 16 bytes):[0m
24 00 B4 01 00 00 01 03 
FF FF FE FC 00 00 00 00 

[0;32mI (262061) TC6: RX data (first 16 bytes):[0m
00 00 00 00 24 00 B4 01 
00 00 01 03 FF FF FE FC 

[0;32mI (262071) TC6_MAIN: TC6_CB_OnNeedService called[0m
[0;32mI (272081) TC6_MAIN: TC6_CB_OnNeedService called[0m
[0;32mI (272081) TC6: SPI Transaction: Instance 0, Length 16[0m
[0;32mI (272081) TC6: TX data (first 16 bytes):[0m
24 00 B5 00 00 00 07 0D 
FF FF F8 F2 00 00 00 00 

[0;32mI (272081) TC6: RX data (first 16 bytes):[0m
00 00 00 00 24 00 B5 00 
00 00 07 0D FF FF F8 F2 

[0;32mI (272091) TC6_MAIN: TC6_CB_OnNeedService called[0m
[0;32mI (282101) TC6_MAIN: TC6_CB_OnNeedService called[0m
[0;32mI (282101) TC6: SPI Transaction: Instance 0, Length 16[0m
[0;32mI (282101) TC6: TX data (first 16 bytes):[0m
24 00 B6 00 00 00 17 20 
FF FF E8 DF 00 00 00 00 

[0;32mI (282101) TC6: RX data (first 16 bytes):[0m
00 00 00 00 24 00 B6 00 
00 00 17 20 FF FF E8 DF 

[0;32mI (282111) TC6_MAIN: TC6_CB_OnNeedService called[0m
[0;32mI (292121) TC6_MAIN: TC6_CB_OnNeedService called[0m
[0;32mI (292121) TC6: SPI Transaction: Instance 0, Length 16[0m
[0;32mI (292121) TC6: TX data (first 16 bytes):[0m
24 00 B7 01 00 00 00 27 
FF FF FF D8 00 00 00 00 

[0;32mI (292121) TC6: RX data (first 16 bytes):[0m
00 00 00 00 24 00 B7 01 
00 00 00 27 FF FF FF D8 

[0;32mI (292131) TC6_MAIN: TC6_CB_OnNeedService called[0m
[0;32mI (302141) TC6_MAIN: TC6_CB_OnNeedService called[0m
[0;32mI (302141) TC6: SPI Transaction: Instance 0, Length 16[0m
[0;32mI (302141) TC6: TX data (first 16 bytes):[0m
24 00 B8 01 00 00 05 09 
FF FF FA F6 00 00 00 00 

[0;32mI (302141) TC6: RX data (first 16 bytes):[0m
00 00 00 00 24 00 B8 01 
00 00 05 09 FF FF FA F6 

[0;32mI (302151) TC6_MAIN: TC6_CB_OnNeedService called[0m
[0;32mI (312161) TC6_MAIN: TC6_CB_OnNeedService called[0m
[0;32mI (312161) TC6: SPI Transaction: Instance 0, Length 16[0m
[0;32mI (312161) TC6: TX data (first 16 bytes):[0m
24 00 B9 00 00 00 0E 13 
FF FF F1 EC 00 00 00 00 

[0;32mI (312161) TC6: RX data (first 16 bytes):[0m
00 00 00 00 24 00 B9 00 
00 00 0E 13 FF FF F1 EC 

[0;32mI (312171) TC6_MAIN: TC6_CB_OnNeedService called[0m
[0;32mI (322181) TC6_MAIN: TC6_CB_OnNeedService called[0m
[0;32mI (322181) TC6: SPI Transaction: Instance 0, Length 16[0m
[0;32mI (322181) TC6: TX data (first 16 bytes):[0m
24 00 BA 00 00 00 1C 25 
FF FF E3 DA 00 00 00 00 

[0;32mI (322181) TC6: RX data (first 16 bytes):[0m
00 00 00 00 24 00 BA 00 
00 00 1C 25 FF FF E3 DA 

[0;32mI (322191) TC6_MAIN: TC6_CB_OnNeedService called[0m
[0;32mI (332201) TC6_MAIN: TC6_CB_OnNeedService called[0m
TC6_WriteRegister: Writing to register: Address=0x000400D0, Value=0x00003F31, Secure=true
[0;32mI (332201) TC6: SPI Transaction: Instance 0, Length 16[0m
[0;32mI (332201) TC6: TX data (first 16 bytes):[0m
24 00 BB 01 00 00 00 2B 
FF FF FF D4 00 00 00 00 

[0;32mI (332211) TC6: RX data (first 16 bytes):[0m
00 00 00 00 24 00 BB 01 
00 00 00 2B FF FF FF D4 

[0;32mI (332221) TC6_MAIN: TC6_CB_OnNeedService called[0m
TC6_WriteRegister: Writing to register: Address=0x000400D0, Value=0x00003F31, Secure=true
[0;32mI (342231) TC6_MAIN: TC6_CB_OnNeedService called[0m
TC6_WriteRegister: Writing to register: Address=0x000400E0, Value=0x0000C000, Secure=true
[0;32mI (342241) TC6: SPI Transaction: Instance 0, Length 16[0m
[0;32mI (342241) TC6: TX data (first 16 bytes):[0m
20 00 0C 00 00 00 01 00 
FF FF FE FF 00 00 00 00 

[0;32mI (342251) TC6: RX data (first 16 bytes):[0m
00 00 00 00 20 00 0C 00 
00 00 01 00 FF FF FE FF 

[0;32mI (342261) TC6_MAIN: TC6_CB_OnNeedService called[0m
TC6_WriteRegister: Writing to register: Address=0x000400E0, Value=0x0000C000, Secure=true
[0;32mI (352271) TC6_MAIN: TC6_CB_OnNeedService called[0m
TC6_WriteRegister: Writing to register: Address=0x00010024, Value=0x12A30400, Secure=true
[0;32mI (352281) TC6: SPI Transaction: Instance 0, Length 16[0m
[0;32mI (352281) TC6: TX data (first 16 bytes):[0m
24 00 81 01 00 00 00 E0 
FF FF FF 1F 00 00 00 00 

[0;32mI (352291) TC6: RX data (first 16 bytes):[0m
00 00 00 00 24 00 81 01 
00 00 00 E0 FF FF FF 1F 

[0;32mI (352301) TC6_MAIN: TC6_CB_OnNeedService called[0m
TC6_WriteRegister: Writing to register: Address=0x00010024, Value=0x12A30400, Secure=true
[0;32mI (362311) TC6_MAIN: TC6_CB_OnNeedService called[0m
TC6_WriteRegister: Writing to register: Address=0x00010025, Value=0x00005634, Secure=true
[0;32mI (362321) TC6: SPI Transaction: Instance 0, Length 16[0m
[0;32mI (362321) TC6: TX data (first 16 bytes):[0m
24 00 D0 00 00 00 3F 31 
FF FF C0 CE 00 00 00 00 

[0;32mI (362331) TC6: RX data (first 16 bytes):[0m
00 00 00 00 24 00 D0 00 
00 00 3F 31 FF FF C0 CE 

[0;32mI (362341) TC6_MAIN: TC6_CB_OnNeedService called[0m
TC6_WriteRegister: Writing to register: Address=0x00010025, Value=0x00005634, Secure=true
[0;32mI (372351) TC6_MAIN: TC6_CB_OnNeedService called[0m
TC6_WriteRegister: Writing to register: Address=0x00010022, Value=0x563412A3, Secure=true
[0;32mI (372361) TC6: SPI Transaction: Instance 0, Length 16[0m
[0;32mI (372361) TC6: TX data (first 16 bytes):[0m
24 00 E0 00 00 00 C0 00 
FF FF 3F FF 00 00 00 00 

[0;32mI (372371) TC6: RX data (first 16 bytes):[0m
00 00 00 00 24 00 E0 00 
00 00 C0 00 FF FF 3F FF 

[0;32mI (372381) TC6_MAIN: TC6_CB_OnNeedService called[0m
TC6_WriteRegister: Writing to register: Address=0x00010022, Value=0x563412A3, Secure=true
[0;32mI (382391) TC6_MAIN: TC6_CB_OnNeedService called[0m
TC6_WriteRegister: Writing to register: Address=0x00010001, Value=0x00000000, Secure=true
[0;32mI (382401) TC6: SPI Transaction: Instance 0, Length 16[0m
[0;32mI (382401) TC6: TX data (first 16 bytes):[0m
21 00 24 01 12 A3 04 00 
ED 5C FB FF 00 00 00 00 

[0;32mI (382411) TC6: RX data (first 16 bytes):[0m
00 00 00 00 21 00 24 01 
12 A3 04 00 ED 5C FB FF 

[0;32mI (382421) TC6_MAIN: TC6_CB_OnNeedService called[0m
TC6_WriteRegister: Writing to register: Address=0x00010001, Value=0x00000000, Secure=true
[0;32mI (392431) TC6_MAIN: TC6_CB_OnNeedService called[0m
TC6_WriteRegister: Writing to register: Address=0x000400D8, Value=0x00000005, Secure=true
[0;32mI (392441) TC6: SPI Transaction: Instance 0, Length 16[0m
[0;32mI (392441) TC6: TX data (first 16 bytes):[0m
21 00 25 00 00 00 56 34 
FF FF A9 CB 00 00 00 00 

[0;32mI (392451) TC6: RX data (first 16 bytes):[0m
00 00 00 00 21 00 25 00 
00 00 56 34 FF FF A9 CB 

[0;32mI (392461) TC6_MAIN: TC6_CB_OnNeedService called[0m
TC6_WriteRegister: Writing to register: Address=0x000400D8, Value=0x00000005, Secure=true
[0;32mI (402471) TC6_MAIN: TC6_CB_OnNeedService called[0m
TC6_WriteRegister: Writing to register: Address=0x000400DA, Value=0x00000002, Secure=true
[0;32mI (402481) TC6: SPI Transaction: Instance 0, Length 16[0m
[0;32mI (402481) TC6: TX data (first 16 bytes):[0m
21 00 22 01 56 34 12 A3 
A9 CB ED 5C 00 00 00 00 

[0;32mI (402491) TC6: RX data (first 16 bytes):[0m
00 00 00 00 21 00 22 01 
56 34 12 A3 A9 CB ED 5C 

[0;32mI (402501) TC6_MAIN: TC6_CB_OnNeedService called[0m
TC6_WriteRegister: Writing to register: Address=0x000400DA, Value=0x00000002, Secure=true
[0;32mI (412511) TC6_MAIN: TC6_CB_OnNeedService called[0m
[0;32mI (412511) TC6: SPI Transaction: Instance 0, Length 16[0m
[0;32mI (412511) TC6: TX data (first 16 bytes):[0m
21 00 01 00 00 00 00 00 
FF FF FF FF 00 00 00 00 

[0;32mI (412521) TC6: RX data (first 16 bytes):[0m
00 00 00 00 21 00 01 00 
00 00 00 00 FF FF FF FF 

[0;32mI (412531) TC6_MAIN: TC6_CB_OnNeedService called[0m
[0;32mI (422541) TC6_MAIN: TC6_CB_OnNeedService called[0m
[0;32mI (422541) TC6: SPI Transaction: Instance 0, Length 16[0m
[0;32mI (422541) TC6: TX data (first 16 bytes):[0m
24 00 D8 01 00 00 00 05 
FF FF FF FA 00 00 00 00 

[0;32mI (422541) TC6: RX data (first 16 bytes):[0m
00 00 00 00 24 00 D8 01 
00 00 00 05 FF FF FF FA 

[0;32mI (422551) TC6_MAIN: TC6_CB_OnNeedService called[0m
[0;32mI (432561) TC6: SPI Transaction: Instance 0, Length 16[0m
[0;32mI (432561) TC6: TX data (first 16 bytes):[0m
24 00 DA 00 00 00 00 02 
FF FF FF FD 00 00 00 00 

[0;32mI (432561) TC6: RX data (first 16 bytes):[0m
00 00 00 00 24 00 DA 00 
00 00 00 02 FF FF FF FD 

[0;32mI (432571) TC6_MAIN: TC6_CB_OnNeedService called[0m
[0;32mI (442571) TC6: SPI Transaction: Instance 0, Length 16[0m
[0;32mI (442571) TC6: TX data (first 16 bytes):[0m
04 00 D9 01 00 00 00 00 
00 00 00 00 00 00 00 00 

[0;32mI (442571) TC6: RX data (first 16 bytes):[0m
00 00 00 00 04 00 D9 01 
00 00 00 53 FF FF FF AC 

[0;32mI (442581) TC6_MAIN: TC6_CB_OnNeedService called[0m
TC6_WriteRegister: Writing to register: Address=0x000400D8, Value=0x00000004, Secure=true
[0;32mI (452581) TC6_MAIN: TC6_CB_OnNeedService called[0m
TC6_WriteRegister: Writing to register: Address=0x000400DA, Value=0x00000002, Secure=true
[0;32mI (452591) TC6_MAIN: TC6_CB_OnNeedService called[0m
[0;32mI (452591) TC6_MAIN: TC6_CB_OnNeedService called[0m
[0;32mI (452601) TC6: SPI Transaction: Instance 0, Length 16[0m
[0;32mI (452601) TC6: TX data (first 16 bytes):[0m
24 00 D8 01 00 00 00 04 
FF FF FF FB 00 00 00 00 

[0;32mI (452611) TC6: RX data (first 16 bytes):[0m
00 00 00 00 24 00 D8 01 
00 00 00 04 FF FF FF FB 

[0;32mI (452621) TC6_MAIN: TC6_CB_OnNeedService called[0m
[0;32mI (462631) TC6: SPI Transaction: Instance 0, Length 16[0m
[0;32mI (462631) TC6: TX data (first 16 bytes):[0m
24 00 DA 00 00 00 00 02 
FF FF FF FD 00 00 00 00 

[0;32mI (462631) TC6: RX data (first 16 bytes):[0m
00 00 00 00 24 00 DA 00 
00 00 00 02 FF FF FF FD 

[0;32mI (462641) TC6_MAIN: TC6_CB_OnNeedService called[0m
[0;32mI (472641)