H*ï¿½ï¿½Speed      : 40MHz[0m
ï¿½ets Jun  8 2016 00:22:57

rst:0x1 (POWERON_RESET),boot:0x17 (SPI_FAST_FLASH_BOOT)
configsip: 0, SPIWP:0xee
clk_drv:0x00,q_drv:0x00,d_drv:0x00,cs0_drv:0x00,hd_drv:0x00,wp_drv:0x00
mode:DIO, clock div:2
load:0x3fff0030,len:7176
load:0x40078000,len:15564
ho 0 tail 12 room 4
load:0x40080400,len:4
load:0x40080404,len:3904
entry 0x40080640
[0;32mI (30) boot: ESP-IDF v5.3.1 2nd stage bootloader[0m
[0;32mI (30) boot: compile time Apr 10 2025 12:42:35[0m
[0;32mI (30) boot: Multicore bootloader[0m
[0;32mI (34) boot: chip revision: v1.0[0m
[0;32mI (38) boot.esp32: SPI Speed      : 40MHz[0m
[0;32mI (43) boot.esp32: SPI Mode       : DIO[0m
[0;32mI (47) boot.esp32: SPI Flash Size : 2MB[0m
[0;32mI (52) boot: Enabling RNG early entropy source...[0m
[0;32mI (57) boot: Partition Table:[0m
[0;32mI (61) boot: ## Label            Usage          Type ST Offset   Length[0m
[0;32mI (68) boot:  0 nvs              WiFi data        01 02 00009000 00006000[0m
[0;32mI (76) boot:  1 phy_init         RF data          01 01 0000f000 00001000[0m
[0;32mI (83) boot:  2 factory          factory app      00 00 00010000 00100000[0m
[0;32mI (91) boot: End of partition table[0m
[0;32mI (95) esp_image: segment 0: paddr=00010020 vaddr=3f400020 size=0b4e4h ( 46308) map[0m
[0;32mI (119) esp_image: segment 1: paddr=0001b50c vaddr=3ffb0000 size=02478h (  9336) load[0m
[0;32mI (123) esp_image: segment 2: paddr=0001d98c vaddr=40080000 size=0268ch (  9868) load[0m
[0;32mI (129) esp_image: segment 3: paddr=00020020 vaddr=400d0020 size=18998h (100760) map[0m
[0;32mI (168) esp_image: segment 4: paddr=000389c0 vaddr=4008268c size=0bd64h ( 48484) load[0m
[0;32mI (194) boot: Loaded app from partition at offset 0x10000[0m
[0;32mI (194) boot: Disabling RNG early entropy source...[0m
[0;32mI (206) cpu_start: Multicore app[0m
[0;32mI (215) cpu_start: Pro cpu start user code[0m
[0;32mI (215) cpu_start: cpu freq: 160000000 Hz[0m
[0;32mI (215) app_init: Application information:[0m
[0;32mI (218) app_init: Project name:     SPE-LAN8651[0m
[0;32mI (223) app_init: App version:      1[0m
[0;32mI (227) app_init: Compile time:     Apr 10 2025 12:42:10[0m
[0;32mI (233) app_init: ELF file SHA256:  ddbf141b9...[0m
[0;32mI (238) app_init: ESP-IDF:          v5.3.1[0m
[0;32mI (243) efuse_init: Min chip rev:     v0.0[0m
[0;32mI (248) efuse_init: Max chip rev:     v3.99 [0m
[0;32mI (253) efuse_init: Chip rev:         v1.0[0m
[0;32mI (258) heap_init: Initializing. RAM available for dynamic allocation:[0m
[0;32mI (265) heap_init: At 3FFAE6E0 len 00001920 (6 KiB): DRAM[0m
[0;32mI (271) heap_init: At 3FFB4098 len 0002BF68 (175 KiB): DRAM[0m
[0;32mI (277) heap_init: At 3FFE0440 len 00003AE0 (14 KiB): D/IRAM[0m
[0;32mI (284) heap_init: At 3FFE4350 len 0001BCB0 (111 KiB): D/IRAM[0m
[0;32mI (290) heap_init: At 4008E3F0 len 00011C10 (71 KiB): IRAM[0m
[0;32mI (298) spi_flash: detected chip: generic[0m
[0;32mI (301) spi_flash: flash io: dio[0m
[0;33mW (305) spi_flash: Detected size(4096k) larger than the size in the binary image header(2048k). Using the size in the binary image header.[0m
[0;32mI (319) main_task: Started on CPU0[0m
[0;32mI (329) main_task: Calling app_main()[0m
[0;32mI (329) MAIN: Initializing SPI...[0m
[0;32mI (329) SPI: SPI initialized successfully[0m
[0;32mI (329) MAIN: Initializing TC6...[0m
[0;32mI (339) TC6: TC6 initialized successfully![0m
[0;32mI (339) TC6_MAIN: TC6_CB_OnNeedService called[0m
[0;32mI (349) TC6_MAIN: TC6_CB_OnNeedService called[0m
[0;32mI (349) TC6_MAIN: TC6_CB_OnNeedService called[0m
[0;32mI (359) TC6_MAIN: TC6_CB_OnNeedService called[0m
[0;32mI (359) TC6: SPI Transaction: Instance 0, Length 12[0m
[0;32mI (369) TC6: TX data (first 16 bytes):[0m
20 00 03 00 00 00 00 01 
00 00 00 00 
[0;32mI (369) TC6: RX data (first 16 bytes):[0m
00 00 00 00 20 00 03 00 
00 00 00 01 
[0;32mI (379) TC6_MAIN: TC6_CB_OnNeedService called[0m
[0;32mI (10389) TC6: SPI Transaction: Instance 0, Length 16[0m
[0;32mI (10389) TC6: TX data (first 16 bytes):[0m
20 00 03 00 00 00 00 01 
FF FF FF FE 00 00 00 00 

[0;32mI (10389) TC6: RX data (first 16 bytes):[0m
00 00 00 00 20 00 03 00 
00 00 00 01 00 00 00 00 

[0;32mI (10399) TC6_MAIN: TC6_CB_OnNeedService called[0m
[0;32mI (20399) TC6: SPI Transaction: Instance 0, Length 12[0m
[0;32mI (20399) TC6: TX data (first 16 bytes):[0m
00 00 01 00 00 00 00 00 
00 00 00 00 
[0;32mI (20399) TC6: RX data (first 16 bytes):[0m
00 00 00 00 00 00 01 00 
00 07 C1 B4 
[0;32mI (20409) TC6_MAIN: TC6_CB_OnNeedService called[0m
[0;32mI (30409) TC6: SPI Transaction: Instance 0, Length 12[0m
[0;32mI (30409) TC6: TX data (first 16 bytes):[0m
0A 00 94 00 00 00 00 00 
00 00 00 00 
[0;32mI (30409) TC6: RX data (first 16 bytes):[0m
00 00 00 00 0A 00 94 00 
00 08 65 12 
[0;32mI (30419) TC6_MAIN: TC6_CB_OnNeedService called[0m
[0;32mI (40419) TC6_MAIN: TC6_CB_OnNeedService called[0m
[0;32mI (40419) TC6_MAIN: TC6_CB_OnNeedService called[0m
[0;32mI (40419) TC6_MAIN: TC6_CB_OnNeedService called[0m
[0;32mI (40419) TC6_MAIN: TC6_CB_OnNeedService called[0m
[0;32mI (40419) TC6: SPI Transaction: Instance 0, Length 12[0m
[0;32mI (40429) TC6: TX data (first 16 bytes):[0m
20 00 04 01 00 00 00 26 
00 00 00 00 
[0;32mI (40439) TC6: RX data (first 16 bytes):[0m
00 00 00 00 20 00 04 01 
00 00 00 26 
[0;32mI (40449) TC6_MAIN: TC6_CB_OnNeedService called[0m
[0;32mI (50449) TC6: SPI Transaction: Instance 0, Length 16[0m
[0;32mI (50449) TC6: TX data (first 16 bytes):[0m
21 00 00 01 00 00 00 00 
FF FF FF FF 00 00 00 00 

[0;32mI (50449) TC6: RX data (first 16 bytes):[0m
00 00 00 00 21 00 00 01 
00 00 00 00 FF FF FF FF 

[0;32mI (50459) TC6_MAIN: TC6_CB_OnNeedService called[0m
[0;32mI (60459) TC6_MAIN: TC6_CB_OnNeedService called[0m
[0;32mI (60459) TC6: SPI Transaction: Instance 0, Length 16[0m
[0;32mI (60459) TC6: TX data (first 16 bytes):[0m
24 00 91 00 00 00 96 60 
FF FF 69 9F 00 00 00 00 

[0;32mI (60459) TC6: RX data (first 16 bytes):[0m
00 00 00 00 24 00 91 00 
00 00 96 60 FF FF 69 9F 

[0;32mI (60469) TC6_MAIN: TC6_CB_OnNeedService called[0m
[0;32mI (70479) TC6_MAIN: TC6_CB_OnNeedService called[0m
[0;32mI (70479) TC6: SPI Transaction: Instance 0, Length 16[0m
[0;32mI (70479) TC6: TX data (first 16 bytes):[0m
24 00 81 01 00 00 00 80 
FF FF FF 7F 00 00 00 00 

[0;32mI (70479) TC6: RX data (first 16 bytes):[0m
00 00 00 00 24 00 81 01 
00 00 00 80 FF FF FF 7F 

[0;32mI (70489) TC6_MAIN: TC6_CB_OnNeedService called[0m
[0;32mI (80499) TC6_MAIN: TC6_CB_OnNeedService called[0m
[0;32mI (80499) TC6: SPI Transaction: Instance 0, Length 16[0m
[0;32mI (80499) TC6: TX data (first 16 bytes):[0m
21 00 77 01 00 00 00 28 
FF FF FF D7 00 00 00 00 

[0;32mI (80499) TC6: RX data (first 16 bytes):[0m
00 00 00 00 21 00 77 01 
00 00 00 28 FF FF FF D7 

[0;32mI (80509) TC6_MAIN: TC6_CB_OnNeedService called[0m
[0;32mI (90519) TC6_MAIN: TC6_CB_OnNeedService called[0m
[0;32mI (90519) TC6: SPI Transaction: Instance 0, Length 16[0m
[0;32mI (90519) TC6: TX data (first 16 bytes):[0m
24 00 43 00 00 00 00 FF 
FF FF FF 00 00 00 00 00 

[0;32mI (90519) TC6: RX data (first 16 bytes):[0m
00 00 00 00 24 00 43 00 
00 00 00 FF FF FF FF 00 

[0;32mI (90529) TC6_MAIN: TC6_CB_OnNeedService called[0m
[0;32mI (100539) TC6_MAIN: TC6_CB_OnNeedService called[0m
[0;32mI (100539) TC6: SPI Transaction: Instance 0, Length 16[0m
[0;32mI (100539) TC6: TX data (first 16 bytes):[0m
24 00 44 01 00 00 FF FF 
FF FF 00 00 00 00 00 00 

[0;32mI (100539) TC6: RX data (first 16 bytes):[0m
00 00 00 00 24 00 44 01 
00 00 FF FF FF FF 00 00 

[0;32mI (100549) TC6_MAIN: TC6_CB_OnNeedService called[0m
[0;32mI (110559) TC6_MAIN: TC6_CB_OnNeedService called[0m
[0;32mI (110559) TC6: SPI Transaction: Instance 0, Length 16[0m
[0;32mI (110559) TC6: TX data (first 16 bytes):[0m
24 00 45 00 00 00 00 00 
FF FF FF FF 00 00 00 00 

[0;32mI (110559) TC6: RX data