ï¿½*ï¿½ï¿½Speed      : 40MHz[0mï¿½ets Jun  8 2016 00:22:57

rst:0x1 (POWERON_RESET),boot:0x17 (SPI_FAST_FLASH_BOOT)
configsip: 0, SPIWP:0xee
clk_drv:0x00,q_drv:0x00,d_drv:0x00,cs0_drv:0x00,hd_drv:0x00,wp_drv:0x00
mode:DIO, clock div:2
load:0x3fff0030,len:7176
load:0x40078000,len:15564
ho 0 tail 12 room 4
load:0x40080400,len:4
load:0x40080404,len:3904
entry 0x40080640
[0;32mI (30) boot: ESP-IDF v5.3.1 2nd stage bootloader[0m
[0;32mI (30) boot: compile time Apr 10 2025 21:02:08[0m
[0;32mI (30) boot: Multicore bootloader[0m
[0;32mI (34) boot: chip revision: v1.0[0m
[0;32mI (38) boot.esp32: SPI Speed      : 40MHz[0m
[0;32mI (43) boot.esp32: SPI Mode       : DIO[0m
[0;32mI (47) boot.esp32: SPI Flash Size : 2MB[0m
[0;32mI (52) boot: Enabling RNG early entropy source...[0m
[0;32mI (57) boot: Partition Table:[0m
[0;32mI (61) boot: ## Label            Usage          Type ST Offset   Length[0m
[0;32mI (68) boot:  0 nvs              WiFi data        01 02 00009000 00006000[0m
[0;32mI (76) boot:  1 phy_init         RF data          01 01 0000f000 00001000[0m
[0;32mI (83) boot:  2 factory          factory app      00 00 00010000 00100000[0m
[0;32mI (91) boot: End of partition table[0m
[0;32mI (95) esp_image: segment 0: paddr=00010020 vaddr=3f400020 size=0bc8ch ( 48268) map[0m
[0;32mI (120) esp_image: segment 1: paddr=0001bcb4 vaddr=3ffb0000 size=02488h (  9352) load[0m
[0;32mI (123) esp_image: segment 2: paddr=0001e144 vaddr=40080000 size=01ed4h (  7892) load[0m
[0;32mI (129) esp_image: segment 3: paddr=00020020 vaddr=400d0020 size=19784h (104324) map[0m
[0;32mI (170) esp_image: segment 4: paddr=000397ac vaddr=40081ed4 size=0c51ch ( 50460) load[0m
[0;32mI (197) boot: Loaded app from partition at offset 0x10000[0m
[0;32mI (197) boot: Disabling RNG early entropy source...[0m
[0;32mI (209) cpu_start: Multicore app[0m
[0;32mI (217) cpu_start: Pro cpu start user code[0m
[0;32mI (217) cpu_start: cpu freq: 160000000 Hz[0m
[0;32mI (217) app_init: Application information:[0m
[0;32mI (220) app_init: Project name:     SPE-LAN8651[0m
[0;32mI (226) app_init: App version:      fc3f490-dirty[0m
[0;32mI (231) app_init: Compile time:     Apr 10 2025 21:01:42[0m
[0;32mI (237) app_init: ELF file SHA256:  b4b177877...[0m
[0;32mI (242) app_init: ESP-IDF:          v5.3.1[0m
[0;32mI (247) efuse_init: Min chip rev:     v0.0[0m
[0;32mI (252) efuse_init: Max chip rev:     v3.99 [0m
[0;32mI (257) efuse_init: Chip rev:         v1.0[0m
[0;32mI (262) heap_init: Initializing. RAM available for dynamic allocation:[0m
[0;32mI (269) heap_init: At 3FFAE6E0 len 00001920 (6 KiB): DRAM[0m
[0;32mI (275) heap_init: At 3FFB4690 len 0002B970 (174 KiB): DRAM[0m
[0;32mI (281) heap_init: At 3FFE0440 len 00003AE0 (14 KiB): D/IRAM[0m
[0;32mI (287) heap_init: At 3FFE4350 len 0001BCB0 (111 KiB): D/IRAM[0m
[0;32mI (294) heap_init: At 4008E3F0 len 00011C10 (71 KiB): IRAM[0m
[0;32mI (301) spi_flash: detected chip: generic[0m
[0;32mI (305) spi_flash: flash io: dio[0m
[0;33mW (309) spi_flash: Detected size(4096k) larger than the size in the binary image header(2048k). Using the size in the binary image header.[0m
[0;32mI (322) main_task: Started on CPU0[0m
[0;32mI (332) main_task: Calling app_main()[0m
[0;32mI (332) MAIN: Initializing SPI...[0m
[0;32mI (332) SPI: SPI initialized successfully[0m
IRQ_PIN level: 0
[0;32mI (1332) gpio: GPIO[4]| InputEn: 0| OutputEn: 1| OpenDrain: 0| Pullup: 0| Pulldown: 0| Intr:0 [0m
IRQ_PIN level: 1
IRQ_PIN level: 1
IRQ_PIN level: 0
Try restart
IRQ_N asserted, reset completed.
[0;32mI (1532) MAIN: Initializing TC6...[0m
[0;32mI (1532) TC6: TC6 initialized successfully![0m
TC6_WriteRegister: Writing to register: Address=0x00000003, Value=0x00000001, Secure=false
TC6_WriteRegister: Writing to register: Address=0x00000003, Value=0x00000001, Secure=true
TC6_WriteRegister: Writing to register: Address=0x000400D0, Value=0x00003F31, Secure=true
TC6_WriteRegister: Writing to register: Address=0x000400D0, Value=0x00003F31, Secure=true
TC6_WriteRegister: Writing to register: Address=0x000400E0, Value=0x0000C000, Secure=true
TC6_WriteRegister: Writing to register: Address=0x000400E0, Value=0x0000C000, Secure=true
TC6_WriteRegister: Writing to register: Address=0x00010024, Value=0x12A30400, Secure=true
TC6_WriteRegister: Writing to register: Address=0x00010024, Value=0x12A30400, Secure=true
TC6_WriteRegister: Writing to register: Address=0x00010025, Value=0x00005634, Secure=true
TC6_WriteRegister: Writing to register: Address=0x00010025, Value=0x00005634, Secure=true
TC6_WriteRegister: Writing to register: Address=0x00010022, Value=0x563412A3, Secure=true
TC6_WriteRegister: Writing to register: Address=0x00010022, Value=0x563412A3, Secure=true
TC6_WriteRegister: Writing to register: Address=0x00010001, Value=0x00000000, Secure=true
TC6_WriteRegister: Writing to register: Address=0x00010001, Value=0x00000000, Secure=true
TC6_WriteRegister: Writing to register: Address=0x000400D8, Value=0x00000005, Secure=true
TC6_WriteRegister: Writing to register: Address=0x000400D8, Value=0x00000005, Secure=true
TC6_WriteRegister: Writing to register: Address=0x000400DA, Value=0x00000002, Secure=true
TC6_WriteRegister: Writing to register: Address=0x000400DA, Value=0x00000002, Secure=true
TC6_WriteRegister: Writing to register: Address=0x000400D8, Value=0x00000004, Secure=true
TC6_WriteRegister: Writing to register: Address=0x000400DA, Value=0x00000002, Secure=true
TC6_WriteRegister: Writing to register: Address=0x000400D8, Value=0x00000008, Secure=true
TC6_WriteRegister: Writing to register: Address=0x000400DA, Value=0x00000002, Secure=true
TC6_WriteRegister: Writing to register: Address=0x00040084, Value=0x000020D3, Secure=true
TC6_WriteRegister: Writing to register: Address=0x0004008A, Value=0x0000A000, Secure=true
TC6_WriteRegister: Writing to register: Address=0x000400AD, Value=0x00000408, Secure=true
TC6_WriteRegister: Writing to register: Address=0x000400AE, Value=0x0000080D, Secure=true
TC6_WriteRegister: Writing to register: Address=0x000400AF, Value=0x00001015, Secure=true
TC6_WriteRegister: Writing to register: Address=0x000400AF, Value=0x00001015, Secure=true
TC6_WriteRegister: Writing to register: Address=0x000400AF, Value=0x00001015, Secure=true
TC6_WriteRegister: Writing to register: Address=0x00040087, Value=0x00008083, Secure=true
TC6_WriteRegister: Writing to register: Address=0x00040087, Value=0x00008083, Secure=true
TC6_WriteRegister: Writing to register: Address=0x00000004, Value=0x00009026, Secure=true
TC6_WriteRegister: Writing to register: Address=0x00000004, Value=0x00009026, Secure=true
TC6_WriteRegister: Writing to register: Address=0x00010000, Value=0x0000000C, Secure=true
TC6_WriteRegister: Writing to register: Address=0x00010000, Value=0x0000000C, Secure=true
[0;32mI (7672) TC6: TC6 registers initialized successfully![0m
[0;31mE (7972) TC6_MAIN: TC6 error occurred: 7[0m
[0;31mE (8072) TC6_MAIN: TC6 error occurred: 7[0m
[0;32mI (8522) MAIN: LAN8651 Chip ID: 0x00000011[0m
[0;32mI (8522) MAIN: LAN8651 Chip Revision: 2[0m
[0;32mI (8522) TX_TASK: Frame sent successfully[0m
[0;32mI (8522) main_task: Returned from app_main()[0m
[0;32mI (8572) TC6_MAIN: TC6 register event: 5[0m
[0;32mI (8572) TC6_MAIN: TC6 register event: 7[0m
TC6_WriteRegister: Writing to register: Address=0x00000008, Value=0x00000050, Secure=true
[0;32mI (8772) TC6_MAIN: TC6 register event: 5[0m
[0;32mI (8772) TC6_MAIN: TC6 register event: 7[0m
TC6_WriteRegister: Writing to register: Address=0x00000008, Value=0x00000050, Secure=true
[0;32mI (10072) TC6_TASK: LAN8651 status - Synced: YES, TX Credit: 31, RX Credit: 0[0m
[0;32mI (18622) TX_TASK: Frame sent successfully[0m
[0;32mI (20172) TC6_TASK: LAN8651 status - Synced: YES, TX Credit: 31, RX Credit: 0[0m
[0;32mI (28722) TX_TASK: Frame sent successfully[0m
[0;32mI (30272) TC6_TASK: LAN8651 status - Synced: YES, TX Credit: 31, RX Credit: 0[0m
[0;32mI (38822) TX_TASK: Fram